// Vitest Snapshot v1, https://vitest.dev/guide/snapshot.html

exports[`Home > renders correctly 1`] = `
<div>
  <div>
    <div>
      Hero
    </div>
    <div>
      ExploreFeed
    </div>
  </div>
</div>
`;
